// Jest Snapshot v1, https://goo.gl/fbAQLP

exports[`Tooltip renders normal Tooltip correctly 1`] = `
<div
  class="ui-popover ui-tooltip"
>
  <div
    class="ui-popover-content ui-popover-content-radius"
  >
    这是一个left定位的Tooltip
    <span
      class="ui-popover-arrow"
    />
  </div>
  <div>
    <button
      class="za-button za-button--default za-button--radius"
      type="button"
    >
      left
    </button>
  </div>
</div>
`;
